C:\Users\DELL\Desktop\ecommerce-backend\ecommerce\src\main\java\com\ecommerce\controller\AuthController.java
C:\Users\DELL\Desktop\ecommerce-backend\ecommerce\src\main\java\com\ecommerce\exception\GlobalExceptionHandler.java
C:\Users\DELL\Desktop\ecommerce-backend\ecommerce\src\main\java\com\ecommerce\dto\response\UserResponse.java
C:\Users\DELL\Desktop\ecommerce-backend\ecommerce\src\main\java\com\ecommerce\entity\Cart.java
C:\Users\DELL\Desktop\ecommerce-backend\ecommerce\src\main\java\com\ecommerce\service\PaymentService.java
C:\Users\DELL\Desktop\ecommerce-backend\ecommerce\src\main\java\com\ecommerce\config\DataSeeder.java
C:\Users\DELL\Desktop\ecommerce-backend\ecommerce\src\main\java\com\ecommerce\repository\CartItemRepository.java
C:\Users\DELL\Desktop\ecommerce-backend\ecommerce\src\main\java\com\ecommerce\entity\OrderItem.java
C:\Users\DELL\Desktop\ecommerce-backend\ecommerce\src\main\java\com\ecommerce\service\impl\ProductServiceImpl.java
C:\Users\DELL\Desktop\ecommerce-backend\ecommerce\src\main\java\com\ecommerce\dto\response\OrderItemResponse.java
C:\Users\DELL\Desktop\ecommerce-backend\ecommerce\src\main\java\com\ecommerce\entity\CartItem.java
C:\Users\DELL\Desktop\ecommerce-backend\ecommerce\src\main\java\com\ecommerce\entity\Role.java
C:\Users\DELL\Desktop\ecommerce-backend\ecommerce\src\main\java\com\ecommerce\exception\InsufficientStockException.java
C:\Users\DELL\Desktop\ecommerce-backend\ecommerce\src\main\java\com\ecommerce\dto\response\PaymentIntentResponse.java
C:\Users\DELL\Desktop\ecommerce-backend\ecommerce\src\main\java\com\ecommerce\entity\User.java
C:\Users\DELL\Desktop\ecommerce-backend\ecommerce\src\main\java\com\ecommerce\dto\request\RegisterRequest.java
C:\Users\DELL\Desktop\ecommerce-backend\ecommerce\src\main\java\com\ecommerce\service\CartService.java
C:\Users\DELL\Desktop\ecommerce-backend\ecommerce\src\main\java\com\ecommerce\security\JwtAuthFilter.java
C:\Users\DELL\Desktop\ecommerce-backend\ecommerce\src\main\java\com\ecommerce\controller\PaymentController.java
C:\Users\DELL\Desktop\ecommerce-backend\ecommerce\src\main\java\com\ecommerce\service\impl\AuthServiceImpl.java
C:\Users\DELL\Desktop\ecommerce-backend\ecommerce\src\main\java\com\ecommerce\dto\response\ProductResponse.java
C:\Users\DELL\Desktop\ecommerce-backend\ecommerce\src\main\java\com\ecommerce\controller\OrderController.java
C:\Users\DELL\Desktop\ecommerce-backend\ecommerce\src\main\java\com\ecommerce\dto\request\ProductRequest.java
C:\Users\DELL\Desktop\ecommerce-backend\ecommerce\src\main\java\com\ecommerce\service\impl\PaymentServiceImpl.java
C:\Users\DELL\Desktop\ecommerce-backend\ecommerce\src\main\java\com\ecommerce\dto\request\CartItemRequest.java
C:\Users\DELL\Desktop\ecommerce-backend\ecommerce\src\main\java\com\ecommerce\service\impl\OrderServiceImpl.java
C:\Users\DELL\Desktop\ecommerce-backend\ecommerce\src\main\java\com\ecommerce\config\SecurityConfig.java
C:\Users\DELL\Desktop\ecommerce-backend\ecommerce\src\main\java\com\ecommerce\dto\response\AuthResponse.java
C:\Users\DELL\Desktop\ecommerce-backend\ecommerce\src\main\java\com\ecommerce\entity\Order.java
C:\Users\DELL\Desktop\ecommerce-backend\ecommerce\src\main\java\com\ecommerce\service\ProductService.java
C:\Users\DELL\Desktop\ecommerce-backend\ecommerce\src\main\java\com\ecommerce\security\JwtUtils.java
C:\Users\DELL\Desktop\ecommerce-backend\ecommerce\src\main\java\com\ecommerce\security\UserDetailsServiceImpl.java
C:\Users\DELL\Desktop\ecommerce-backend\ecommerce\src\main\java\com\ecommerce\repository\ProductRepository.java
C:\Users\DELL\Desktop\ecommerce-backend\ecommerce\src\main\java\com\ecommerce\repository\OrderRepository.java
C:\Users\DELL\Desktop\ecommerce-backend\ecommerce\src\main\java\com\ecommerce\dto\request\LoginRequest.java
C:\Users\DELL\Desktop\ecommerce-backend\ecommerce\src\main\java\com\ecommerce\repository\UserRepository.java
C:\Users\DELL\Desktop\ecommerce-backend\ecommerce\src\main\java\com\ecommerce\EcommerceApplication.java
C:\Users\DELL\Desktop\ecommerce-backend\ecommerce\src\main\java\com\ecommerce\service\impl\CartServiceImpl.java
C:\Users\DELL\Desktop\ecommerce-backend\ecommerce\src\main\java\com\ecommerce\exception\ResourceNotFoundException.java
C:\Users\DELL\Desktop\ecommerce-backend\ecommerce\src\main\java\com\ecommerce\repository\CartRepository.java
C:\Users\DELL\Desktop\ecommerce-backend\ecommerce\src\main\java\com\ecommerce\controller\ProductController.java
C:\Users\DELL\Desktop\ecommerce-backend\ecommerce\src\main\java\com\ecommerce\service\AuthService.java
C:\Users\DELL\Desktop\ecommerce-backend\ecommerce\src\main\java\com\ecommerce\dto\response\CartResponse.java
C:\Users\DELL\Desktop\ecommerce-backend\ecommerce\src\main\java\com\ecommerce\dto\response\CartItemResponse.java
C:\Users\DELL\Desktop\ecommerce-backend\ecommerce\src\main\java\com\ecommerce\entity\Product.java
C:\Users\DELL\Desktop\ecommerce-backend\ecommerce\src\main\java\com\ecommerce\entity\PaymentStatus.java
C:\Users\DELL\Desktop\ecommerce-backend\ecommerce\src\main\java\com\ecommerce\exception\BadRequestException.java
C:\Users\DELL\Desktop\ecommerce-backend\ecommerce\src\main\java\com\ecommerce\dto\request\OrderRequest.java
C:\Users\DELL\Desktop\ecommerce-backend\ecommerce\src\main\java\com\ecommerce\service\OrderService.java
C:\Users\DELL\Desktop\ecommerce-backend\ecommerce\src\main\java\com\ecommerce\controller\CartController.java
C:\Users\DELL\Desktop\ecommerce-backend\ecommerce\src\main\java\com\ecommerce\dto\response\OrderResponse.java
C:\Users\DELL\Desktop\ecommerce-backend\ecommerce\src\main\java\com\ecommerce\exception\UnauthorizedException.java
